// Jest Snapshot v1, https://goo.gl/fbAQLP

exports[`AppHeader (unit) should match snapshot 1`] = `
<View
  style={
    {
      "alignItems": "center",
      "justifyContent": "center",
      "position": "absolute",
      "top": 10,
    }
  }
>
  <Text
    style={
      {
        "color": "#000",
        "fontSize": 40,
        "fontWeight": "bold",
        "marginTop": 15,
        "textAlign": "center",
      }
    }
  >
    GeniusApp
  </Text>
  <Text
    style={
      {
        "color": "#000",
        "fontSize": 20,
        "fontWeight": "bold",
        "marginTop": 15,
        "textAlign": "center",
      }
    }
  >
    Teste Sua Mem√≥ria!
  </Text>
</View>
`;
